ARM Linker, 5.03 [Build 76] [MDK-ARM Lite]

==============================================================================

Section Cross References

    startup_tm4c123.o(STACK) refers (Special) to heapauxi.o(.text) for __use_two_region_memory
    startup_tm4c123.o(HEAP) refers (Special) to heapauxi.o(.text) for __use_two_region_memory
    startup_tm4c123.o(RESET) refers (Special) to heapauxi.o(.text) for __use_two_region_memory
    startup_tm4c123.o(RESET) refers to startup_tm4c123.o(STACK) for __initial_sp
    startup_tm4c123.o(RESET) refers to startup_tm4c123.o(.text) for Reset_Handler
    startup_tm4c123.o(.text) refers (Special) to heapauxi.o(.text) for __use_two_region_memory
    startup_tm4c123.o(.text) refers to main.o(.text) for SystemInit
    startup_tm4c123.o(.text) refers to __main.o(!!!main) for __main
    startup_tm4c123.o(.text) refers to startup_tm4c123.o(HEAP) for Heap_Mem
    startup_tm4c123.o(.text) refers to startup_tm4c123.o(STACK) for Stack_Mem
    main.o(.text) refers to _printf_percent.o(.ARM.Collect$$_printf_percent$$00000000) for _printf_percent
    main.o(.text) refers to _printf_f.o(.ARM.Collect$$_printf_percent$$00000003) for _printf_f
    main.o(.text) refers to printf1.o(x$fpl$printf1) for _printf_fp_dec
    main.o(.text) refers to ports.o(.text) for PortsInit
    main.o(.text) refers to uart.o(.text) for init_UART0
    main.o(.text) refers to parse.o(.text) for parse_lat
    main.o(.text) refers to f2d.o(x$fpl$f2d) for __aeabi_f2d
    main.o(.text) refers to d2f.o(x$fpl$d2f) for __aeabi_d2f
    main.o(.text) refers to nmeatomaps.o(.text) for NMEAtoMaps
    main.o(.text) refers to distance.o(.text) for distance_calculate
    main.o(.text) refers to fflt_clz.o(x$fpl$fflt) for __aeabi_i2f
    main.o(.text) refers to sevensegment.o(.text) for display
    main.o(.text) refers to noretval__2sprintf.o(.text) for __2sprintf
    main.o(.text) refers to ledon.o(.text) for LedOn
    distance.o(.text) refers to f2d.o(x$fpl$f2d) for __aeabi_f2d
    distance.o(.text) refers to dmul.o(x$fpl$dmul) for __aeabi_dmul
    distance.o(.text) refers to ddiv.o(x$fpl$ddiv) for __aeabi_ddiv
    distance.o(.text) refers to d2f.o(x$fpl$d2f) for __aeabi_d2f
    distance.o(.text) refers to faddsub_clz.o(x$fpl$frsb) for __aeabi_frsub
    distance.o(.text) refers to faddsub_clz.o(x$fpl$fsub) for __aeabi_fsub
    distance.o(.text) refers to cos.o(i.cos) for cos
    distance.o(.text) refers to fdiv.o(x$fpl$fdiv) for __aeabi_fdiv
    distance.o(.text) refers to sin.o(i.sin) for sin
    distance.o(.text) refers to daddsub_clz.o(x$fpl$dadd) for __aeabi_dadd
    distance.o(.text) refers to sqrt.o(i.sqrt) for sqrt
    distance.o(.text) refers to atan2.o(i.atan2) for atan2
    distance.o(.text) refers to fmul.o(x$fpl$fmul) for __aeabi_fmul
    distance.o(.text) refers to ffix.o(x$fpl$ffix) for __aeabi_f2iz
    ledon.o(.text) refers to frleqf.o(x$fpl$frleqf) for __aeabi_cfrcmple
    sevensegment.o(.text) refers to ffix.o(x$fpl$ffix) for __aeabi_f2iz
    sevensegment.o(.text) refers to fdiv.o(x$fpl$fdiv) for __aeabi_fdiv
    sevensegment.o(.text) refers to timer.o(.text) for delay1ms
    parse.o(.text) refers to atof.o(i.atof) for atof
    parse.o(.text) refers to d2f.o(x$fpl$d2f) for __aeabi_d2f
    nmeatomaps.o(.text) refers to ffix.o(x$fpl$ffix) for __aeabi_f2iz
    nmeatomaps.o(.text) refers to fflt_clz.o(x$fpl$fflt) for __aeabi_i2f
    nmeatomaps.o(.text) refers to faddsub_clz.o(x$fpl$fadd) for __aeabi_fadd
    nmeatomaps.o(.text) refers to faddsub_clz.o(x$fpl$fsub) for __aeabi_fsub
    nmeatomaps.o(.text) refers to fdiv.o(x$fpl$fdiv) for __aeabi_fdiv
    __2sprintf.o(.text) refers to _printf_char_common.o(.text) for _printf_char_common
    __2sprintf.o(.text) refers to _sputc.o(.text) for _sputc
    noretval__2sprintf.o(.text) refers to _printf_char_common.o(.text) for _printf_char_common
    noretval__2sprintf.o(.text) refers to _sputc.o(.text) for _sputc
    __printf.o(.text) refers to _printf_percent.o(.ARM.Collect$$_printf_percent$$00000000) for _printf_percent
    __printf_flags.o(.text) refers to _printf_percent.o(.ARM.Collect$$_printf_percent$$00000000) for _printf_percent
    __printf_flags.o(.text) refers to __printf_flags.o(.constdata) for .constdata
    __printf_ss.o(.text) refers to _printf_percent.o(.ARM.Collect$$_printf_percent$$00000000) for _printf_percent
    __printf_flags_ss.o(.text) refers to _printf_percent.o(.ARM.Collect$$_printf_percent$$00000000) for _printf_percent
    __printf_flags_ss.o(.text) refers to __printf_flags_ss.o(.constdata) for .constdata
    __printf_wp.o(.text) refers to __printf_wp.o(i._is_digit) for _is_digit
    __printf_wp.o(.text) refers to _printf_percent.o(.ARM.Collect$$_printf_percent$$00000000) for _printf_percent
    __printf_flags_wp.o(.text) refers to __printf_wp.o(i._is_digit) for _is_digit
[...]
    ../clib/scanf.c                          0x00000000   Number         0  scanf_infnan.o ABSOLUTE
    ../clib/scanf.c                          0x00000000   Number         0  scanf_fp.o ABSOLUTE
    ../clib/scanf.c                          0x00000000   Number         0  strtod.o ABSOLUTE
    ../clib/scanf.c                          0x00000000   Number         0  _chval.o ABSOLUTE
    ../clib/signal.c                         0x00000000   Number         0  defsig_rtred_inner.o ABSOLUTE
    ../clib/signal.c                         0x00000000   Number         0  defsig_fpe_inner.o ABSOLUTE
    ../clib/signal.c                         0x00000000   Number         0  defsig_abrt_inner.o ABSOLUTE
    ../clib/signal.c                         0x00000000   Number         0  defsig_cppl_inner.o ABSOLUTE
    ../clib/signal.c                         0x00000000   Number         0  defsig_segv_inner.o ABSOLUTE
    ../clib/signal.c                         0x00000000   Number         0  defsig_other.o ABSOLUTE
    ../clib/signal.c                         0x00000000   Number         0  defsig_rtmem_formal.o ABSOLUTE
    ../clib/signal.c                         0x00000000   Number         0  defsig_exit.o ABSOLUTE
    ../clib/signal.c                         0x00000000   Number         0  defsig_pvfn_inner.o ABSOLUTE
    ../clib/signal.c                         0x00000000   Number         0  defsig_general.o ABSOLUTE
    ../clib/signal.c                         0x00000000   Number         0  defsig_rtmem_inner.o ABSOLUTE
    ../clib/signal.c                         0x00000000   Number         0  defsig_rtmem_outer.o ABSOLUTE
    ../clib/signal.c                         0x00000000   Number         0  defsig_stak_inner.o ABSOLUTE
    ../clib/signal.c                         0x00000000   Number         0  __raise.o ABSOLUTE
    ../clib/signal.s                         0x00000000   Number         0  defsig.o ABSOLUTE
    ../clib/stdlib.c                         0x00000000   Number         0  exit.o ABSOLUTE
    ../fplib/d2f.s                           0x00000000   Number         0  d2f.o ABSOLUTE
    ../fplib/daddsub.s                       0x00000000   Number         0  daddsub_clz.o ABSOLUTE
    ../fplib/dcheck1.s                       0x00000000   Number         0  dcheck1.o ABSOLUTE
    ../fplib/dcmpi.s                         0x00000000   Number         0  dcmpi.o ABSOLUTE
    ../fplib/ddiv.s                          0x00000000   Number         0  ddiv.o ABSOLUTE
    ../fplib/deqf.s                          0x00000000   Number         0  deqf.o ABSOLUTE
    ../fplib/dfix.s                          0x00000000   Number         0  dfix.o ABSOLUTE
    ../fplib/dflt.s                          0x00000000   Number         0  dflt_clz.o ABSOLUTE
    ../fplib/dleqf.s                         0x00000000   Number         0  dleqf.o ABSOLUTE
    ../fplib/dmul.s                          0x00000000   Number         0  dmul.o ABSOLUTE
    ../fplib/dnaninf.s                       0x00000000   Number         0  dnaninf.o ABSOLUTE
    ../fplib/dretinf.s                       0x00000000   Number         0  dretinf.o ABSOLUTE
    ../fplib/drleqf.s                        0x00000000   Number         0  drleqf.o ABSOLUTE
    ../fplib/dsqrt.s                         0x00000000   Number         0  dsqrt_umaal.o ABSOLUTE
    ../fplib/f2d.s                           0x00000000   Number         0  f2d.o ABSOLUTE
    ../fplib/faddsub.s                       0x00000000   Number         0  faddsub_clz.o ABSOLUTE
    ../fplib/fcmpi.s                         0x00000000   Number         0  fcmpi.o ABSOLUTE
    ../fplib/fdiv.s                          0x00000000   Number         0  fdiv.o ABSOLUTE
    ../fplib/ffix.s                          0x00000000   Number         0  ffix.o ABSOLUTE
    ../fplib/fflt.s                          0x00000000   Number         0  fflt_clz.o ABSOLUTE
    ../fplib/fleqf.s                         0x00000000   Number         0  fleqf.o ABSOLUTE
    ../fplib/fmul.s                          0x00000000   Number         0  fmul.o ABSOLUTE
    ../fplib/fnaninf.s                       0x00000000   Number         0  fnaninf.o ABSOLUTE
    ../fplib/fpconst.s                       0x00000000   Number         0  fpconst.o ABSOLUTE
    ../fplib/fpinit.s                        0x00000000   Number         0  fpinit.o ABSOLUTE
    ../fplib/fretinf.s                       0x00000000   Number         0  fretinf.o ABSOLUTE
    ../fplib/frleqf.s                        0x00000000   Number         0  frleqf.o ABSOLUTE
    ../fplib/istatus.s                       0x00000000   Number         0  istatus.o ABSOLUTE
    ../fplib/printf1.s                       0x00000000   Number         0  printf1.o ABSOLUTE
    ../fplib/retnan.s                        0x00000000   Number         0  retnan.o ABSOLUTE
    ../fplib/scalbn.s                        0x00000000   Number         0  scalbn.o ABSOLUTE
    ../fplib/scanf1.s                        0x00000000   Number         0  scanf1.o ABSOLUTE
    ../fplib/scanf2.s                        0x00000000   Number         0  scanf2.o ABSOLUTE
    ../fplib/scanf2a.s                       0x00000000   Number         0  scanf2a.o ABSOLUTE
    ../fplib/scanf2b.s                       0x00000000   Number         0  scanf2b.o ABSOLUTE
    ../fplib/trapv.s                         0x00000000   Number         0  trapv.o ABSOLUTE
    ../fplib/usenofp.s                       0x00000000   Number         0  usenofp.o ABSOLUTE
    ../mathlib/atan.c                        0x00000000   Number         0  atan_x.o ABSOLUTE
    ../mathlib/atan.c                        0x00000000   Number         0  atan.o ABSOLUTE
    ../mathlib/atan2.c                       0x00000000   Number         0  atan2.o ABSOLUTE
    ../mathlib/atan2.c                       0x00000000   Number         0  atan2_x.o ABSOLUTE
    ../mathlib/atof.c                        0x00000000   Number         0  atof.o ABSOLUTE
    ../mathlib/cos.c                         0x00000000   Number         0  cos.o ABSOLUTE
    ../mathlib/cos.c                         0x00000000   Number         0  cos_x.o ABSOLUTE
    ../mathlib/cos_i.c                       0x00000000   Number         0  cos_i.o ABSOLUTE
    ../mathlib/dunder.c                      0x00000000   Number         0  dunder.o ABSOLUTE
    ../mathlib/fpclassify.c                  0x00000000   Number         0  fpclassify.o ABSOLUTE
    ../mathlib/frexp.c                       0x00000000   Number         0  frexp.o ABSOLUTE
    ../mathlib/ldexp.c                       0x00000000   Number         0  ldexp_x.o ABSOLUTE
    ../mathlib/ldexp.c                       0x00000000   Number         0  ldexp.o ABSOLUTE
    ../mathlib/narrow.c                      0x00000000   Number         0  narrow.o ABSOLUTE
    ../mathlib/poly.c                        0x00000000   Number         0  poly.o ABSOLUTE
    ../mathlib/qnan.c                        0x00000000   Number         0  qnan.o ABSOLUTE
    ../mathlib/rred.c                        0x00000000   Number         0  rred.o ABSOLUTE
    ../mathlib/sin.c                         0x00000000   Number         0  sin_x.o ABSOLUTE
    ../mathlib/sin.c                         0x00000000   Number         0  sin.o ABSOLUTE
    ../mathlib/sin_i.c                       0x00000000   Number         0  sin_i.o ABSOLUTE
    ../mathlib/sin_i.c                       0x00000000   Number         0  sin_i_x.o ABSOLUTE
    ../mathlib/sqrt.c                        0x00000000   Number         0  sqrt.o ABSOLUTE
    ../mathlib/sqrt.c                        0x00000000   Number         0  sqrt_x.o ABSOLUTE
    Distance.c                               0x00000000   Number         0  distance.o ABSOLUTE
    NMEAtoMaps.c                             0x00000000   Number         0  nmeatomaps.o ABSOLUTE
    Ports.c                                  0x00000000   Number         0  ports.o ABSOLUTE
    Timer.c                                  0x00000000   Number         0  timer.o ABSOLUTE
    UART.c                                   0x00000000   Number         0  uart.o ABSOLUTE
    dc.s                                     0x00000000   Number         0  dc.o ABSOLUTE
    ledon.c                                  0x00000000   Number         0  ledon.o ABSOLUTE
    main.c                                   0x00000000   Number         0  main.o ABSOLUTE
    parse.c                                  0x00000000   Number         0  parse.o ABSOLUTE
    sevensegment.c                           0x00000000   Number         0  sevensegment.o ABSOLUTE
    startup_TM4C123.s                        0x00000000   Number         0  startup_tm4c123.o ABSOLUTE
    !!!main                                  0x0000026c   Section        8  __main.o(!!!main)
    !!!scatter                               0x00000274   Section       52  __scatter.o(!!!scatter)
    !!handler_zi                             0x000002a8   Section       28  __scatter_zi.o(!!handler_zi)
    .ARM.Collect$$_printf_percent$$00000000  0x000002c4   Section        0  _printf_percent.o(.ARM.Collect$$_printf_percent$$00000000)
    .ARM.Collect$$_printf_percent$$00000003  0x000002c4   Section        6  _printf_f.o(.ARM.Collect$$_printf_percent$$00000003)
    .ARM.Collect$$_printf_percent$$00000017  0x000002ca   Section        4  _printf_percent_end.o(.ARM.Collect$$_printf_percent$$00000017)
    .ARM.Collect$$libinit$$00000000          0x000002ce   Section        2  libinit.o(.ARM.Collect$$libinit$$00000000)
    .ARM.Collect$$libinit$$00000002          0x000002d0   Section        0  libinit2.o(.ARM.Collect$$libinit$$00000002)
    .ARM.Collect$$libinit$$00000008          0x000002d0   Section        0  libinit2.o(.ARM.Collect$$libinit$$00000008)
    .ARM.Collect$$libinit$$0000000A          0x000002d0   Section        0  libinit2.o(.ARM.Collect$$libinit$$0000000A)
    .ARM.Collect$$libinit$$0000000C          0x000002d0   Section        0  libinit2.o(.ARM.Collect$$libinit$$0000000C)
    .ARM.Collect$$libinit$$0000000D          0x000002d0   Section        6  libinit2.o(.ARM.Collect$$libinit$$0000000D)
    .ARM.Collect$$libinit$$0000000F          0x000002d6   Section        0  libinit2.o(.ARM.Collect$$libinit$$0000000F)
    .ARM.Collect$$libinit$$00000010          0x000002d6   Section       12  libinit2.o(.ARM.Collect$$libinit$$00000010)
    .ARM.Collect$$libinit$$00000011          0x000002e2   Section        0  libinit2.o(.ARM.Collect$$libinit$$00000011)
    .ARM.Collect$$libinit$$00000013          0x000002e2   Section        0  libinit2.o(.ARM.Collect$$libinit$$00000013)
    .ARM.Collect$$libinit$$00000014          0x000002e2   Section       10  libinit2.o(.ARM.Collect$$libinit$$00000014)
    .ARM.Collect$$libinit$$00000015          0x000002ec   Section        0  libinit2.o(.ARM.Collect$$libinit$$00000015)
    .ARM.Collect$$libinit$$00000017          0x000002ec   Section        0  libinit2.o(.ARM.Collect$$libinit$$00000017)
    .ARM.Collect$$libinit$$00000019          0x000002ec   Section        0  libinit2.o(.ARM.Collect$$libinit$$00000019)
    .ARM.Collect$$libinit$$0000001B          0x000002ec   Section        0  libinit2.o(.ARM.Collect$$libinit$$0000001B)
    .ARM.Collect$$libinit$$0000001D          0x000002ec   Section        0  libinit2.o(.ARM.Collect$$libinit$$0000001D)
    .ARM.Collect$$libinit$$0000001F          0x000002ec   Section        0  libinit2.o(.ARM.Collect$$libinit$$0000001F)
    .ARM.Collect$$libinit$$00000021          0x000002ec   Section        0  libinit2.o(.ARM.Collect$$libinit$$00000021)
    .ARM.Collect$$libinit$$00000023          0x000002ec   Section        0  libinit2.o(.ARM.Collect$$libinit$$00000023)
    .ARM.Collect$$libinit$$0000002A          0x000002ec   Section        0  libinit2.o(.ARM.Collect$$libinit$$0000002A)
    .ARM.Collect$$libinit$$0000002C          0x000002ec   Section        0  libinit2.o(.ARM.Collect$$libinit$$0000002C)
    .ARM.Collect$$libinit$$0000002E          0x000002ec   Section        0  libinit2.o(.ARM.Collect$$libinit$$0000002E)
    .ARM.Collect$$libinit$$00000030          0x000002ec   Section        0  libinit2.o(.ARM.Collect$$libinit$$00000030)
    .ARM.Collect$$libinit$$00000031          0x000002ec   Section        2  libinit2.o(.ARM.Collect$$libinit$$00000031)
    .ARM.Collect$$libshutdown$$00000000      0x000002ee   Section        2  libshutdown.o(.ARM.Collect$$libshutdown$$00000000)
    .ARM.Collect$$libshutdown$$00000003      0x000002f0   Section        0  libshutdown2.o(.ARM.Collect$$libshutdown$$00000003)
    .ARM.Collect$$libshutdown$$00000006      0x000002f0   Section        0  libshutdown2.o(.ARM.Collect$$libshutdown$$00000006)
    .ARM.Collect$$libshutdown$$00000009      0x000002f0   Section        0  libshutdown2.o(.ARM.Collect$$libshutdown$$00000009)
    .ARM.Collect$$libshutdown$$0000000B      0x000002f0   Section        0  libshutdown2.o(.ARM.Collect$$libshutdown$$0000000B)
    .ARM.Collect$$libshutdown$$0000000E      0x000002f0   Section        0  libshutdown2.o(.ARM.Collect$$libshutdown$$0000000E)
    .ARM.Collect$$libshutdown$$0000000F      0x000002f0   Section        2  libshutdown2.o(.ARM.Collect$$libshutdown$$0000000F)
    .ARM.Collect$$rtentry$$00000000          0x000002f2   Section        0  rtentry.o(.ARM.Collect$$rtentry$$00000000)
    .ARM.Collect$$rtentry$$00000002          0x000002f2   Section        0  rtentry2.o(.ARM.Collect$$rtentry$$00000002)
    .ARM.Collect$$rtentry$$00000004          0x000002f2   Section        6  rtentry4.o(.ARM.Collect$$rtentry$$00000004)
    .ARM.Collect$$rtentry$$00000009          0x000002f8   Section        0  rtentry2.o(.ARM.Collect$$rtentry$$00000009)
    .ARM.Collect$$rtentry$$0000000A          0x000002f8   Section        4  rtentry2.o(.ARM.Collect$$rtentry$$0000000A)
    .ARM.Collect$$rtentry$$0000000C          0x000002fc   Section        0  rtentry2.o(.ARM.Collect$$rtentry$$0000000C)
    .ARM.Collect$$rtentry$$0000000D          0x000002fc   Section        8  rtentry2.o(.ARM.Collect$$rtentry$$0000000D)
    .ARM.Collect$$rtexit$$00000000           0x00000304   Section        2  rtexit.o(.ARM.Collect$$rtexit$$00000000)
    .ARM.Collect$$rtexit$$00000002           0x00000306   Section        0  rtexit2.o(.ARM.Collect$$rtexit$$00000002)
    .ARM.Collect$$rtexit$$00000003           0x00000306   Section        4  rtexit2.o(.ARM.Collect$$rtexit$$00000003)
    .ARM.Collect$$rtexit$$00000004           0x0000030a   Section        6  rtexit2.o(.ARM.Collect$$rtexit$$00000004)
    .text                                    0x00000310   Section      276  startup_tm4c123.o(.text)
    .text                                    0x00000424   Section        0  main.o(.text)
    .text                                    0x000006a0   Section        0  ports.o(.text)
    .text                                    0x000007a8   Section        0  uart.o(.text)
    .text                                    0x000008ec   Section        0  distance.o(.text)
    .text                                    0x00000a98   Section        0  ledon.o(.text)
    .text                                    0x00000ac4   Section        0  sevensegment.o(.text)
    .text                                    0x00000bd4   Section        0  timer.o(.text)
    .text                                    0x00000c28   Section        0  parse.o(.text)
    .text                                    0x00000d4c   Section        0  nmeatomaps.o(.text)
    .text                                    0x00000db8   Section        0  noretval__2sprintf.o(.text)
    .text                                    0x00000de0   Section        0  __printf.o(.text)
    .text                                    0x00000e48   Section        0  heapauxi.o(.text)
    .text                                    0x00000e4e   Section        0  _rserrno.o(.text)
    .text                                    0x00000e64   Section        0  _printf_fp_dec.o(.text)
    _fp_digits                               0x00000e67   Thumb Code   426  _printf_fp_dec.o(.text)
    .text                                    0x00001284   Section        0  _printf_char_common.o(.text)
    _printf_input_char                       0x00001285   Thumb Code    10  _printf_char_common.o(.text)
    .text                                    0x000012b4   Section        0  _sputc.o(.text)
    .text                                    0x000012c0   Section        0  strtod.o(.text)
    _local_sscanf                            0x000012c1   Thumb Code    60  strtod.o(.text)
    .text                                    0x00001360   Section        8  rt_locale_intlibspace.o(.text)
    .text                                    0x00001368   Section        8  rt_errno_addr_intlibspace.o(.text)
    .text                                    0x00001370   Section      138  lludiv10.o(.text)
    .text                                    0x000013fa   Section        0  isspace.o(.text)
    .text                                    0x0000140c   Section        0  _printf_fp_infnan.o(.text)
    .text                                    0x0000148c   Section        0  _sgetc.o(.text)
    .text                                    0x000014cc   Section        0  bigflt0.o(.text)
    .text                                    0x000015b0   Section        8  libspace.o(.text)
    .text                                    0x000015b8   Section       74  sys_stackheap_outer.o(.text)
    .text                                    0x00001604   Section       16  rt_ctype_table.o(.text)
    .text                                    0x00001614   Section        0  scanf_fp.o(.text)
    _fp_value                                0x00001615   Thumb Code   504  scanf_fp.o(.text)
    .text                                    0x00001ab8   Section        0  exit.o(.text)
    .text                                    0x00001ac4   Section      128  strcmpv7m.o(.text)
    .text                                    0x00001b44   Section        0  scanf_hexfp.o(.text)
    .text                                    0x00001e58   Section        0  scanf_infnan.o(.text)
    .text                                    0x00001f94   Section        0  sys_exit.o(.text)
    .text                                    0x00001fa0   Section       38  llshl.o(.text)
    .text                                    0x00001fc6   Section        0  _chval.o(.text)
    .text                                    0x00001fe2   Section        2  use_no_semi.o(.text)
    .text                                    0x00001fe4   Section        0  indicate_semi.o(.text)
    CL$$btod_d2e                             0x00001fe4   Section       62  btod.o(CL$$btod_d2e)
    CL$$btod_d2e_denorm_low                  0x00002022   Section       70  btod.o(CL$$btod_d2e_denorm_low)
    CL$$btod_d2e_norm_op1                    0x00002068   Section       96  btod.o(CL$$btod_d2e_norm_op1)
    CL$$btod_div_common                      0x000020c8   Section      824  btod.o(CL$$btod_div_common)
    CL$$btod_e2d                             0x00002400   Section       84  btod.o(CL$$btod_e2d)
    CL$$btod_e2e                             0x00002454   Section      198  btod.o(CL$$btod_e2e)
    CL$$btod_ediv                            0x0000251a   Section       40  btod.o(CL$$btod_ediv)
    CL$$btod_edivd                           0x00002542   Section       40  btod.o(CL$$btod_edivd)
    CL$$btod_emul                            0x0000256a   Section       40  btod.o(CL$$btod_emul)
    CL$$btod_emuld                           0x00002592   Section       40  btod.o(CL$$btod_emuld)
    CL$$btod_mult_common                     0x000025ba   Section      580  btod.o(CL$$btod_mult_common)
    i.__ARM_fpclassify                       0x000027fe   Section        0  fpclassify.o(i.__ARM_fpclassify)
    i.__ieee754_rem_pio2                     0x00002828   Section        0  rred.o(i.__ieee754_rem_pio2)
    i.__kernel_cos                           0x00002bb0   Section        0  cos_i.o(i.__kernel_cos)
    i.__kernel_poly                          0x00002cac   Section        0  poly.o(i.__kernel_poly)
    i.__kernel_sin                           0x00002d58   Section        0  sin_i.o(i.__kernel_sin)
    i.__mathlib_dbl_underflow                0x00002e44   Section        0  dunder.o(i.__mathlib_dbl_underflow)
    i.__mathlib_narrow                       0x00002e54   Section        0  narrow.o(i.__mathlib_narrow)
    i.__mathlib_tofloat                      0x00002e64   Section        0  narrow.o(i.__mathlib_tofloat)
    i.__support_ldexp                        0x00002eec   Section        0  ldexp.o(i.__support_ldexp)
    i._is_digit                              0x00002f02   Section        0  __printf_wp.o(i._is_digit)
    i.atan                                   0x00002f10   Section        0  atan.o(i.atan)
    i.atan2                                  0x00003134   Section        0  atan2.o(i.atan2)
    i.atof                                   0x000032b4   Section        0  atof.o(i.atof)
    i.cos                                    0x000032e0   Section        0  cos.o(i.cos)
    i.frexp                                  0x0000338c   Section        0  frexp.o(i.frexp)
    i.ldexp                                  0x000033e4   Section        0  ldexp.o(i.ldexp)
    i.sin                                    0x00003464   Section        0  sin.o(i.sin)
    i.sqrt                                   0x00003514   Section        0  sqrt.o(i.sqrt)
    locale$$code                             0x00003560   Section       44  lc_numeric_c.o(locale$$code)
    locale$$code                             0x0000358c   Section       44  lc_ctype_c.o(locale$$code)
    x$fpl$d2f                                0x000035b8   Section       98  d2f.o(x$fpl$d2f)
    x$fpl$dadd                               0x0000361c   Section      336  daddsub_clz.o(x$fpl$dadd)
    _dadd1                                   0x0000362d   Thumb Code     0  daddsub_clz.o(x$fpl$dadd)
    x$fpl$dcheck1                            0x0000376c   Section       16  dcheck1.o(x$fpl$dcheck1)
    x$fpl$dcmpinf                            0x0000377c   Section       24  dcmpi.o(x$fpl$dcmpinf)
    x$fpl$ddiv                               0x00003794   Section      688  ddiv.o(x$fpl$ddiv)
    ddiv_entry                               0x0000379b   Thumb Code     0  ddiv.o(x$fpl$ddiv)
    x$fpl$deqf                               0x00003a44   Section      120  deqf.o(x$fpl$deqf)
    x$fpl$dfix                               0x00003abc   Section       94  dfix.o(x$fpl$dfix)
    x$fpl$dflt                               0x00003b1a   Section       46  dflt_clz.o(x$fpl$dflt)
    x$fpl$dfltu                              0x00003b48   Section       38  dflt_clz.o(x$fpl$dfltu)
    x$fpl$dleqf                              0x00003b70   Section      120  dleqf.o(x$fpl$dleqf)
    x$fpl$dmul                               0x00003be8   Section      340  dmul.o(x$fpl$dmul)
    x$fpl$dnaninf                            0x00003d3c   Section      156  dnaninf.o(x$fpl$dnaninf)
    x$fpl$dretinf                            0x00003dd8   Section       12  dretinf.o(x$fpl$dretinf)
    x$fpl$drleqf                             0x00003de4   Section      108  drleqf.o(x$fpl$drleqf)
    x$fpl$drsb                               0x00003e50   Section       22  daddsub_clz.o(x$fpl$drsb)
    x$fpl$dsqrt                              0x00003e68   Section      408  dsqrt_umaal.o(x$fpl$dsqrt)
    x$fpl$dsub                               0x00004000   Section      468  daddsub_clz.o(x$fpl$dsub)
    _dsub1                                   0x00004011   Thumb Code     0  daddsub_clz.o(x$fpl$dsub)
    x$fpl$f2d                                0x000041d4   Section       86  f2d.o(x$fpl$f2d)
    x$fpl$fadd                               0x0000422c   Section      196  faddsub_clz.o(x$fpl$fadd)
    _fadd1                                   0x0000423b   Thumb Code     0  faddsub_clz.o(x$fpl$fadd)
    x$fpl$fcmpinf                            0x000042f0   Section       24  fcmpi.o(x$fpl$fcmpinf)
    x$fpl$fdiv                               0x00004308   Section      388  fdiv.o(x$fpl$fdiv)
    _fdiv1                                   0x00004309   Thumb Code     0  fdiv.o(x$fpl$fdiv)
    x$fpl$ffix                               0x0000448c   Section       54  ffix.o(x$fpl$ffix)
    x$fpl$fflt                               0x000044c4   Section       48  fflt_clz.o(x$fpl$fflt)
    x$fpl$fleqf                              0x000044f4   Section      104  fleqf.o(x$fpl$fleqf)
    x$fpl$fmul                               0x0000455c   Section      258  fmul.o(x$fpl$fmul)
    x$fpl$fnaninf                            0x0000465e   Section      140  fnaninf.o(x$fpl$fnaninf)
    x$fpl$fretinf                            0x000046ea   Section       10  fretinf.o(x$fpl$fretinf)
    x$fpl$frleqf                             0x000046f4   Section       98  frleqf.o(x$fpl$frleqf)
    x$fpl$frsb                               0x00004756   Section       20  faddsub_clz.o(x$fpl$frsb)
    x$fpl$fsub                               0x0000476c   Section      234  faddsub_clz.o(x$fpl$fsub)
    _fsub1                                   0x0000477b   Thumb Code     0  faddsub_clz.o(x$fpl$fsub)
    x$fpl$printf1                            0x00004856   Section        4  printf1.o(x$fpl$printf1)
    x$fpl$retnan                             0x0000485a   Section      100  retnan.o(x$fpl$retnan)
    x$fpl$scalbn                             0x000048be   Section       92  scalbn.o(x$fpl$scalbn)
    x$fpl$scanf1                             0x0000491a   Section        4  scanf1.o(x$fpl$scanf1)
    x$fpl$scanf2                             0x0000491e   Section        8  scanf2.o(x$fpl$scanf2)
    x$fpl$trapveneer                         0x00004926   Section       48  trapv.o(x$fpl$trapveneer)
    x$fpl$usenofp                            0x00004956   Section        0  usenofp.o(x$fpl$usenofp)
    .constdata                               0x00004958   Section      152  atan.o(.constdata)
    atanhi                                   0x00004958   Data          32  atan.o(.constdata)
    atanlo                                   0x00004978   Data          32  atan.o(.constdata)
    aTodd                                    0x00004998   Data          40  atan.o(.constdata)
    aTeven                                   0x000049c0   Data          48  atan.o(.constdata)
    .constdata                               0x000049f0   Section       48  cos_i.o(.constdata)
    C                                        0x000049f0   Data          48  cos_i.o(.constdata)
    .constdata                               0x00004a20   Section        8  qnan.o(.constdata)
    .constdata                               0x00004a28   Section      200  rred.o(.constdata)
    pio2s                                    0x00004a28   Data          48  rred.o(.constdata)
    twooverpi                                0x00004a58   Data         152  rred.o(.constdata)
    .constdata                               0x00004af0   Section       40  sin_i.o(.constdata)
    S                                        0x00004af0   Data          40  sin_i.o(.constdata)
    .constdata                               0x00004b18   Section      148  bigflt0.o(.constdata)
    tenpwrs_x                                0x00004b18   Data          60  bigflt0.o(.constdata)
    tenpwrs_i                                0x00004b54   Data          64  bigflt0.o(.constdata)
    c$$dinf                                  0x00004bbc   Section        8  fpconst.o(c$$dinf)
    locale$$data                             0x00004bc4   Section       28  lc_numeric_c.o(locale$$data)
    __lcnum_c_name                           0x00004bc8   Data           2  lc_numeric_c.o(locale$$data)
    __lcnum_c_start                          0x00004bd0   Data           0  lc_numeric_c.o(locale$$data)
    __lcnum_c_point                          0x00004bdc   Data           0  lc_numeric_c.o(locale$$data)
    __lcnum_c_thousands                      0x00004bde   Data           0  lc_numeric_c.o(locale$$data)
    __lcnum_c_grouping                       0x00004bdf   Data           0  lc_numeric_c.o(locale$$data)
    locale$$data                             0x00004be0   Section      272  lc_ctype_c.o(locale$$data)
    __lcnum_c_end                            0x00004be0   Data           0  lc_numeric_c.o(locale$$data)
    __lcctype_c_name                         0x00004be4   Data           2  lc_ctype_c.o(locale$$data)
    __lcctype_c_start                        0x00004bec   Data           0  lc_ctype_c.o(locale$$data)
    __lcctype_c_end                          0x00004cf0   Data           0  lc_ctype_c.o(locale$$data)
    .bss                                     0x20000000   Section       96  libspace.o(.bss)
    HEAP                                     0x20000060   Section        0  startup_tm4c123.o(HEAP)
    STACK                                    0x20000060   Section    16384  startup_tm4c123.o(STACK)
    Heap_Mem                                 0x20000060   Data           0  startup_tm4c123.o(HEAP)
    Stack_Mem                                0x20000060   Data       16384  startup_tm4c123.o(STACK)
    __initial_sp                             0x20004060   Data           0  startup_tm4c123.o(STACK)

    Global Symbols

    Symbol Name                              Value     Ov Type        Size  Object(Section)

    BuildAttributes$$THM_ISAv4$E$P$D$K$B$S$7EM$PE$A:L22UL41UL21$X:L11$S22US41US21$IEEE1$IW$USESV6$~STKCKD$USESV7$~SHL$OTIME$ROPI$IEEEX$EBA8$UX$STANDARDLIB$REQ8$PRES8$EABIv2 0x00000000   Number         0  anon$$obj.o ABSOLUTE
    __ARM_use_no_argv                        0x00000000   Number         0  main.o ABSOLUTE
    __Vectors                                0x00000000   Data           4  startup_tm4c123.o(RESET)
    __ARM_exceptions_init                     - Undefined Weak Reference
    __alloca_initialize                       - Undefined Weak Reference
    __cpp_initialize__aeabi_                  - Undefined Weak Reference
    __cxa_finalize                            - Undefined Weak Reference
    __sigvec_lookup                           - Undefined Weak Reference
    _atexit_init                              - Undefined Weak Reference
    _call_atexit_fns                          - Undefined Weak Reference
    _clock_init                               - Undefined Weak Reference
    _fp_trap_init                             - Undefined Weak Reference
    _fp_trap_shutdown                         - Undefined Weak Reference
    _get_lc_collate                           - Undefined Weak Reference
    _get_lc_monetary                          - Undefined Weak Reference
    _get_lc_time                              - Undefined Weak Reference
    _getenv_init                              - Undefined Weak Reference
    _handle_redirection                       - Undefined Weak Reference
    _init_alloc                               - Undefined Weak Reference
    _init_user_alloc                          - Undefined Weak Reference
    _initio                                   - Undefined Weak Reference
    _printf_post_padding                      - Undefined Weak Reference
    _printf_pre_padding                       - Undefined Weak Reference
    _rand_init                                - Undefined Weak Reference
    _signal_finish                            - Undefined Weak Reference
    _signal_init                              - Undefined Weak Reference
    _terminate_alloc                          - Undefined Weak Reference
    _terminate_user_alloc                     - Undefined Weak Reference
    _terminateio                              - Undefined Weak Reference
    __Vectors_End                            0x0000026c   Data           0  startup_tm4c123.o(RESET)
    __Vectors_Size                           0x0000026c   Number         0  startup_tm4c123.o ABSOLUTE
    __main                                   0x0000026d   Thumb Code     8  __main.o(!!!main)
    __scatterload                            0x00000275   Thumb Code     0  __scatter.o(!!!scatter)
    __scatterload_rt2                        0x00000275   Thumb Code    44  __scatter.o(!!!scatter)
    __scatterload_rt2_thumb_only             0x00000275   Thumb Code     0  __scatter.o(!!!scatter)
    __scatterload_null                       0x00000283   Thumb Code     0  __scatter.o(!!!scatter)
    __scatterload_zeroinit                   0x000002a9   Thumb Code    28  __scatter_zi.o(!!handler_zi)
    _printf_f                                0x000002c5   Thumb Code     0  _printf_f.o(.ARM.Collect$$_printf_percent$$00000003)
    _printf_percent                          0x000002c5   Thumb Code     0  _printf_percent.o(.ARM.Collect$$_printf_percent$$00000000)
    _printf_percent_end                      0x000002cb   Thumb Code     0  _printf_percent_end.o(.ARM.Collect$$_printf_percent$$00000017)
    __rt_lib_init                            0x000002cf   Thumb Code     0  libinit.o(.ARM.Collect$$libinit$$00000000)
    __rt_lib_init_fp_1                       0x000002d1   Thumb Code     0  libinit2.o(.ARM.Collect$$libinit$$00000002)
    __rt_lib_init_heap_1                     0x000002d1   Thumb Code     0  libinit2.o(.ARM.Collect$$libinit$$00000008)
    __rt_lib_init_lc_common                  0x000002d1   Thumb Code     0  libinit2.o(.ARM.Collect$$libinit$$0000000D)
    __rt_lib_init_rand_1                     0x000002d1   Thumb Code     0  libinit2.o(.ARM.Collect$$libinit$$0000000C)
    __rt_lib_init_user_alloc_1               0x000002d1   Thumb Code     0  libinit2.o(.ARM.Collect$$libinit$$0000000A)
    __rt_lib_init_lc_collate_1               0x000002d7   Thumb Code     0  libinit2.o(.ARM.Collect$$libinit$$0000000F)
    __rt_lib_init_lc_ctype_2                 0x000002d7   Thumb Code     0  libinit2.o(.ARM.Collect$$libinit$$00000010)
    __rt_lib_init_lc_ctype_1                 0x000002e3   Thumb Code     0  libinit2.o(.ARM.Collect$$libinit$$00000011)
    __rt_lib_init_lc_monetary_1              0x000002e3   Thumb Code     0  libinit2.o(.ARM.Collect$$libinit$$00000013)
    __rt_lib_init_lc_numeric_2               0x000002e3   Thumb Code     0  libinit2.o(.ARM.Collect$$libinit$$00000014)
    __rt_lib_init_alloca_1                   0x000002ed   Thumb Code     0  libinit2.o(.ARM.Collect$$libinit$$0000002C)
    __rt_lib_init_argv_1                     0x000002ed   Thumb Code     0  libinit2.o(.ARM.Collect$$libinit$$0000002A)
    __rt_lib_init_atexit_1                   0x000002ed   Thumb Code     0  libinit2.o(.ARM.Collect$$libinit$$00000019)
    __rt_lib_init_clock_1                    0x000002ed   Thumb Code     0  libinit2.o(.ARM.Collect$$libinit$$0000001F)
    __rt_lib_init_cpp_1                      0x000002ed   Thumb Code     0  libinit2.o(.ARM.Collect$$libinit$$00000030)
    __rt_lib_init_exceptions_1               0x000002ed   Thumb Code     0  libinit2.o(.ARM.Collect$$libinit$$0000002E)
    __rt_lib_init_fp_trap_1                  0x000002ed   Thumb Code     0  libinit2.o(.ARM.Collect$$libinit$$0000001D)
    __rt_lib_init_getenv_1                   0x000002ed   Thumb Code     0  libinit2.o(.ARM.Collect$$libinit$$00000021)
    __rt_lib_init_lc_numeric_1               0x000002ed   Thumb Code     0  libinit2.o(.ARM.Collect$$libinit$$00000015)
    __rt_lib_init_lc_time_1                  0x000002ed   Thumb Code     0  libinit2.o(.ARM.Collect$$libinit$$00000017)
    __rt_lib_init_return                     0x000002ed   Thumb Code     0  libinit2.o(.ARM.Collect$$libinit$$00000031)
    __rt_lib_init_signal_1                   0x000002ed   Thumb Code     0  libinit2.o(.ARM.Collect$$libinit$$0000001B)
    __rt_lib_init_stdio_1                    0x000002ed   Thumb Code     0  libinit2.o(.ARM.Collect$$libinit$$00000023)
    __rt_lib_shutdown                        0x000002ef   Thumb Code     0  libshutdown.o(.ARM.Collect$$libshutdown$$00000000)
    __rt_lib_shutdown_fp_trap_1              0x000002f1   Thumb Code     0  libshutdown2.o(.ARM.Collect$$libshutdown$$00000006)
    __rt_lib_shutdown_heap_1                 0x000002f1   Thumb Code     0  libshutdown2.o(.ARM.Collect$$libshutdown$$0000000E)
    __rt_lib_shutdown_return                 0x000002f1   Thumb Code     0  libshutdown2.o(.ARM.Collect$$libshutdown$$0000000F)
    __rt_lib_shutdown_signal_1               0x000002f1   Thumb Code     0  libshutdown2.o(.ARM.Collect$$libshutdown$$00000009)
    __rt_lib_shutdown_stdio_1                0x000002f1   Thumb Code     0  libshutdown2.o(.ARM.Collect$$libshutdown$$00000003)
    __rt_lib_shutdown_user_alloc_1           0x000002f1   Thumb Code     0  libshutdown2.o(.ARM.Collect$$libshutdown$$0000000B)
    __rt_entry                               0x000002f3   Thumb Code     0  rtentry.o(.ARM.Collect$$rtentry$$00000000)
    __rt_entry_presh_1                       0x000002f3   Thumb Code     0  rtentry2.o(.ARM.Collect$$rtentry$$00000002)
    __rt_entry_sh                            0x000002f3   Thumb Code     0  rtentry4.o(.ARM.Collect$$rtentry$$00000004)
    __rt_entry_li                            0x000002f9   Thumb Code     0  rtentry2.o(.ARM.Collect$$rtentry$$0000000A)
    __rt_entry_postsh_1                      0x000002f9   Thumb Code     0  rtentry2.o(.ARM.Collect$$rtentry$$00000009)
    __rt_entry_main                          0x000002fd   Thumb Code     0  rtentry2.o(.ARM.Collect$$rtentry$$0000000D)
    __rt_entry_postli_1                      0x000002fd   Thumb Code     0  rtentry2.o(.ARM.Collect$$rtentry$$0000000C)
    __rt_exit                                0x00000305   Thumb Code     0  rtexit.o(.ARM.Collect$$rtexit$$00000000)
    __rt_exit_ls                             0x00000307   Thumb Code     0  rtexit2.o(.ARM.Collect$$rtexit$$00000003)
    __rt_exit_prels_1                        0x00000307   Thumb Code     0  rtexit2.o(.ARM.Collect$$rtexit$$00000002)
    __rt_exit_exit                           0x0000030b   Thumb Code     0  rtexit2.o(.ARM.Collect$$rtexit$$00000004)
    Reset_Handler                            0x00000311   Thumb Code     8  startup_tm4c123.o(.text)
    NMI_Handler                              0x00000319   Thumb Code     2  startup_tm4c123.o(.text)
    HardFault_Handler                        0x0000031b   Thumb Code     2  startup_tm4c123.o(.text)
    MemManage_Handler                        0x0000031d   Thumb Code     2  startup_tm4c123.o(.text)
    BusFault_Handler                         0x0000031f   Thumb Code     2  startup_tm4c123.o(.text)
    UsageFault_Handler                       0x00000321   Thumb Code     2  startup_tm4c123.o(.text)
    SVC_Handler                              0x00000323   Thumb Code     2  startup_tm4c123.o(.text)
    DebugMon_Handler                         0x00000325   Thumb Code     2  startup_tm4c123.o(.text)
    PendSV_Handler                           0x00000327   Thumb Code     2  startup_tm4c123.o(.text)
    SysTick_Handler                          0x00000329   Thumb Code     2  startup_tm4c123.o(.text)
    GPIOA_Handler                            0x0000032b   Thumb Code     2  startup_tm4c123.o(.text)
    GPIOB_Handler                            0x0000032d   Thumb Code     2  startup_tm4c123.o(.text)
    GPIOC_Handler                            0x0000032f   Thumb Code     2  startup_tm4c123.o(.text)
    GPIOD_Handler                            0x00000331   Thumb Code     2  startup_tm4c123.o(.text)
    GPIOE_Handler                            0x00000333   Thumb Code     2  startup_tm4c123.o(.text)
    UART0_Handler                            0x00000335   Thumb Code     2  startup_tm4c123.o(.text)
    UART1_Handler                            0x00000337   Thumb Code     2  startup_tm4c123.o(.text)
    SSI0_Handler                             0x00000339   Thumb Code     2  startup_tm4c123.o(.text)
    I2C0_Handler                             0x0000033b   Thumb Code     2  startup_tm4c123.o(.text)
    PMW0_FAULT_Handler                       0x0000033d   Thumb Code     2  startup_tm4c123.o(.text)
    PWM0_0_Handler                           0x0000033f   Thumb Code     2  startup_tm4c123.o(.text)
    PWM0_1_Handler                           0x00000341   Thumb Code     2  startup_tm4c123.o(.text)
    PWM0_2_Handler                           0x00000343   Thumb Code     2  startup_tm4c123.o(.text)
    QEI0_Handler                             0x00000345   Thumb Code     2  startup_tm4c123.o(.text)
    ADC0SS0_Handler                          0x00000347   Thumb Code     2  startup_tm4c123.o(.text)
    ADC0SS1_Handler                          0x00000349   Thumb Code     2  startup_tm4c123.o(.text)
    ADC0SS2_Handler                          0x0000034b   Thumb Code     2  startup_tm4c123.o(.text)
    ADC0SS3_Handler                          0x0000034d   Thumb Code     2  startup_tm4c123.o(.text)
    WDT0_Handler                             0x0000034f   Thumb Code     2  startup_tm4c123.o(.text)
    TIMER0A_Handler                          0x00000351   Thumb Code     2  startup_tm4c123.o(.text)
    TIMER0B_Handler                          0x00000353   Thumb Code     2  startup_tm4c123.o(.text)
    TIMER1A_Handler                          0x00000355   Thumb Code     2  startup_tm4c123.o(.text)
    TIMER1B_Handler                          0x00000357   Thumb Code     2  startup_tm4c123.o(.text)
    TIMER2A_Handler                          0x00000359   Thumb Code     2  startup_tm4c123.o(.text)
    TIMER2B_Handler                          0x0000035b   Thumb Code     2  startup_tm4c123.o(.text)
    COMP0_Handler                            0x0000035d   Thumb Code     2  startup_tm4c123.o(.text)
    COMP1_Handler                            0x0000035f   Thumb Code     2  startup_tm4c123.o(.text)
    COMP2_Handler                            0x00000361   Thumb Code     2  startup_tm4c123.o(.text)
    SYSCTL_Handler                           0x00000363   Thumb Code     2  startup_tm4c123.o(.text)
    FLASH_Handler                            0x00000365   Thumb Code     2  startup_tm4c123.o(.text)
    GPIOF_Handler                            0x00000367   Thumb Code     2  startup_tm4c123.o(.text)
    GPIOG_Handler                            0x00000369   Thumb Code     2  startup_tm4c123.o(.text)
    GPIOH_Handler                            0x0000036b   Thumb Code     2  startup_tm4c123.o(.text)
    UART2_Handler                            0x0000036d   Thumb Code     2  startup_tm4c123.o(.text)
    SSI1_Handler                             0x0000036f   Thumb Code     2  startup_tm4c123.o(.text)
    TIMER3A_Handler                          0x00000371   Thumb Code     2  startup_tm4c123.o(.text)
    TIMER3B_Handler                          0x00000373   Thumb Code     2  startup_tm4c123.o(.text)
    I2C1_Handler                             0x00000375   Thumb Code     2  startup_tm4c123.o(.text)
    QEI1_Handler                             0x00000377   Thumb Code     2  startup_tm4c123.o(.text)
    CAN0_Handler                             0x00000379   Thumb Code     2  startup_tm4c123.o(.text)
    CAN1_Handler                             0x0000037b   Thumb Code     2  startup_tm4c123.o(.text)
    CAN2_Handler                             0x0000037d   Thumb Code     2  startup_tm4c123.o(.text)
    HIB_Handler                              0x0000037f   Thumb Code     2  startup_tm4c123.o(.text)
    USB0_Handler                             0x00000381   Thumb Code     2  startup_tm4c123.o(.text)
    PWM0_3_Handler                           0x00000383   Thumb Code     2  startup_tm4c123.o(.text)
    UDMA_Handler                             0x00000385   Thumb Code     2  startup_tm4c123.o(.text)
    UDMAERR_Handler                          0x00000387   Thumb Code     2  startup_tm4c123.o(.text)
    ADC1SS0_Handler                          0x00000389   Thumb Code     2  startup_tm4c123.o(.text)
    ADC1SS1_Handler                          0x0000038b   Thumb Code     2  startup_tm4c123.o(.text)
    ADC1SS2_Handler                          0x0000038d   Thumb Code     2  startup_tm4c123.o(.text)
    ADC1SS3_Handler                          0x0000038f   Thumb Code     2  startup_tm4c123.o(.text)
    GPIOJ_Handler                            0x00000391   Thumb Code     2  startup_tm4c123.o(.text)
    GPIOK_Handler                            0x00000393   Thumb Code     2  startup_tm4c123.o(.text)
    GPIOL_Handler                            0x00000395   Thumb Code     2  startup_tm4c123.o(.text)
    SSI2_Handler                             0x00000397   Thumb Code     2  startup_tm4c123.o(.text)
    SSI3_Handler                             0x00000399   Thumb Code     2  startup_tm4c123.o(.text)
    UART3_Handler                            0x0000039b   Thumb Code     2  startup_tm4c123.o(.text)
    UART4_Handler                            0x0000039d   Thumb Code     2  startup_tm4c123.o(.text)
    UART5_Handler                            0x0000039f   Thumb Code     2  startup_tm4c123.o(.text)
    UART6_Handler                            0x000003a1   Thumb Code     2  startup_tm4c123.o(.text)
    UART7_Handler                            0x000003a3   Thumb Code     2  startup_tm4c123.o(.text)
    I2C2_Handler                             0x000003a5   Thumb Code     2  startup_tm4c123.o(.text)
    I2C3_Handler                             0x000003a7   Thumb Code     2  startup_tm4c123.o(.text)
    TIMER4A_Handler                          0x000003a9   Thumb Code     2  startup_tm4c123.o(.text)
    TIMER4B_Handler                          0x000003ab   Thumb Code     2  startup_tm4c123.o(.text)
    TIMER5A_Handler                          0x000003ad   Thumb Code     2  startup_tm4c123.o(.text)
    TIMER5B_Handler                          0x000003af   Thumb Code     2  startup_tm4c123.o(.text)
    WTIMER0A_Handler                         0x000003b1   Thumb Code     2  startup_tm4c123.o(.text)
    WTIMER0B_Handler                         0x000003b3   Thumb Code     2  startup_tm4c123.o(.text)
    WTIMER1A_Handler                         0x000003b5   Thumb Code     2  startup_tm4c123.o(.text)
    WTIMER1B_Handler                         0x000003b7   Thumb Code     2  startup_tm4c123.o(.text)
    WTIMER2A_Handler                         0x000003b9   Thumb Code     2  startup_tm4c123.o(.text)
    WTIMER2B_Handler                         0x000003bb   Thumb Code     2  startup_tm4c123.o(.text)
    WTIMER3A_Handler                         0x000003bd   Thumb Code     2  startup_tm4c123.o(.text)
    WTIMER3B_Handler                         0x000003bf   Thumb Code     2  startup_tm4c123.o(.text)
    WTIMER4A_Handler                         0x000003c1   Thumb Code     2  startup_tm4c123.o(.text)
    WTIMER4B_Handler                         0x000003c3   Thumb Code     2  startup_tm4c123.o(.text)
    WTIMER5A_Handler                         0x000003c5   Thumb Code     2  startup_tm4c123.o(.text)
    WTIMER5B_Handler                         0x000003c7   Thumb Code     2  startup_tm4c123.o(.text)
    FPU_Handler                              0x000003c9   Thumb Code     2  startup_tm4c123.o(.text)
    I2C4_Handler                             0x000003cb   Thumb Code     2  startup_tm4c123.o(.text)
    I2C5_Handler                             0x000003cd   Thumb Code     2  startup_tm4c123.o(.text)
    GPIOM_Handler                            0x000003cf   Thumb Code     2  startup_tm4c123.o(.text)
    GPION_Handler                            0x000003d1   Thumb Code     2  startup_tm4c123.o(.text)
    QEI2_Handler                             0x000003d3   Thumb Code     2  startup_tm4c123.o(.text)
    GPIOP0_Handler                           0x000003d5   Thumb Code     2  startup_tm4c123.o(.text)
    GPIOP1_Handler                           0x000003d7   Thumb Code     2  startup_tm4c123.o(.text)
    GPIOP2_Handler                           0x000003d9   Thumb Code     2  startup_tm4c123.o(.text)
    GPIOP3_Handler                           0x000003db   Thumb Code     2  startup_tm4c123.o(.text)
    GPIOP4_Handler                           0x000003dd   Thumb Code     2  startup_tm4c123.o(.text)
    GPIOP5_Handler                           0x000003df   Thumb Code     2  startup_tm4c123.o(.text)
    GPIOP6_Handler                           0x000003e1   Thumb Code     2  startup_tm4c123.o(.text)
    GPIOP7_Handler                           0x000003e3   Thumb Code     2  startup_tm4c123.o(.text)
    GPIOQ0_Handler                           0x000003e5   Thumb Code     2  startup_tm4c123.o(.text)
    GPIOQ1_Handler                           0x000003e7   Thumb Code     2  startup_tm4c123.o(.text)
    GPIOQ2_Handler                           0x000003e9   Thumb Code     2  startup_tm4c123.o(.text)
    GPIOQ3_Handler                           0x000003eb   Thumb Code     2  startup_tm4c123.o(.text)
    GPIOQ4_Handler                           0x000003ed   Thumb Code     2  startup_tm4c123.o(.text)
    GPIOQ5_Handler                           0x000003ef   Thumb Code     2  startup_tm4c123.o(.text)
    GPIOQ6_Handler                           0x000003f1   Thumb Code     2  startup_tm4c123.o(.text)
    GPIOQ7_Handler                           0x000003f3   Thumb Code     2  startup_tm4c123.o(.text)
    GPIOR_Handler                            0x000003f5   Thumb Code     2  startup_tm4c123.o(.text)
    GPIOS_Handler                            0x000003f7   Thumb Code     2  startup_tm4c123.o(.text)
    PMW1_0_Handler                           0x000003f9   Thumb Code     2  startup_tm4c123.o(.text)
    PWM1_1_Handler                           0x000003fb   Thumb Code     2  startup_tm4c123.o(.text)
    PWM1_2_Handler                           0x000003fd   Thumb Code     2  startup_tm4c123.o(.text)
    PWM1_3_Handler                           0x000003ff   Thumb Code     2  startup_tm4c123.o(.text)
    PWM1_FAULT_Handler                       0x00000401   Thumb Code     2  startup_tm4c123.o(.text)
    __user_initial_stackheap                 0x00000405   Thumb Code     0  startup_tm4c123.o(.text)
    SystemInit                               0x00000425   Thumb Code     2  main.o(.text)
    main                                     0x00000427   Thumb Code   628  main.o(.text)
    PortsInit                                0x000006a1   Thumb Code   224  ports.o(.text)
    init_UART0                               0x000007a9   Thumb Code   112  uart.o(.text)
    write_UART0                              0x00000819   Thumb Code    18  uart.o(.text)
    init_UART7                               0x0000082b   Thumb Code   124  uart.o(.text)
    available_UART7                          0x000008a7   Thumb Code    20  uart.o(.text)
    read_UART7                               0x000008bb   Thumb Code    20  uart.o(.text)
    degreestoradians                         0x000008ed   Thumb Code    42  distance.o(.text)
    distance_calculate                       0x00000917   Thumb Code   364  distance.o(.text)
    LedOn                                    0x00000a99   Thumb Code    30  ledon.o(.text)
    display                                  0x00000ac5   Thumb Code   258  sevensegment.o(.text)
    SysTickInit                              0x00000bd5   Thumb Code    24  timer.o(.text)
    delay1ms                                 0x00000bed   Thumb Code    34  timer.o(.text)
    delayXms                                 0x00000c0f   Thumb Code    20  timer.o(.text)
    parse_lat                                0x00000c29   Thumb Code   146  parse.o(.text)
    parse_long                               0x00000cbb   Thumb Code   146  parse.o(.text)
    NMEAtoMaps                               0x00000d4d   Thumb Code   100  nmeatomaps.o(.text)
    __2sprintf                               0x00000db9   Thumb Code    34  noretval__2sprintf.o(.text)
    __printf                                 0x00000de1   Thumb Code   104  __printf.o(.text)
    __use_two_region_memory                  0x00000e49   Thumb Code     2  heapauxi.o(.text)
    __rt_heap_escrow$2region                 0x00000e4b   Thumb Code     2  heapauxi.o(.text)
    __rt_heap_expand$2region                 0x00000e4d   Thumb Code     2  heapauxi.o(.text)
    __read_errno                             0x00000e4f   Thumb Code    10  _rserrno.o(.text)
    __set_errno                              0x00000e59   Thumb Code    12  _rserrno.o(.text)
    __lib_sel_fp_printf                      0x00000e65   Thumb Code     2  _printf_fp_dec.o(.text)
    _printf_fp_dec_real                      0x00001011   Thumb Code   628  _printf_fp_dec.o(.text)
    _printf_char_common                      0x0000128f   Thumb Code    32  _printf_char_common.o(.text)
    _sputc                                   0x000012b5   Thumb Code    10  _sputc.o(.text)
    __strtod_int                             0x000012fd   Thumb Code    88  strtod.o(.text)
    __rt_locale                              0x00001361   Thumb Code     8  rt_locale_intlibspace.o(.text)
    __aeabi_errno_addr                       0x00001369   Thumb Code     8  rt_errno_addr_intlibspace.o(.text)
    __errno$intlibspace                      0x00001369   Thumb Code     0  rt_errno_addr_intlibspace.o(.text)
    __rt_errno_addr$intlibspace              0x00001369   Thumb Code     0  rt_errno_addr_intlibspace.o(.text)
    _ll_udiv10                               0x00001371   Thumb Code   138  lludiv10.o(.text)
    isspace                                  0x000013fb   Thumb Code    18  isspace.o(.text)
    _printf_fp_infnan                        0x0000140d   Thumb Code   112  _printf_fp_infnan.o(.text)
    _sgetc                                   0x0000148d   Thumb Code    30  _sgetc.o(.text)
    _sbackspace                              0x000014ab   Thumb Code    34  _sgetc.o(.text)
    _btod_etento                             0x000014cd   Thumb Code   222  bigflt0.o(.text)
    __user_libspace                          0x000015b1   Thumb Code     8  libspace.o(.text)
    __user_perproc_libspace                  0x000015b1   Thumb Code     0  libspace.o(.text)
    __user_perthread_libspace                0x000015b1   Thumb Code     0  libspace.o(.text)
    __user_setup_stackheap                   0x000015b9   Thumb Code    74  sys_stackheap_outer.o(.text)
    __rt_ctype_table                         0x00001605   Thumb Code    16  rt_ctype_table.o(.text)
    _scanf_really_real                       0x0000180d   Thumb Code   672  scanf_fp.o(.text)
    exit                                     0x00001ab9   Thumb Code    12  exit.o(.text)
    strcmp                                   0x00001ac5   Thumb Code   128  strcmpv7m.o(.text)
    _scanf_really_hex_real                   0x00001b45   Thumb Code   776  scanf_hexfp.o(.text)
    _scanf_really_infnan                     0x00001e59   Thumb Code   298  scanf_infnan.o(.text)
    _sys_exit                                0x00001f95   Thumb Code     8  sys_exit.o(.text)
    __aeabi_llsl                             0x00001fa1   Thumb Code     0  llshl.o(.text)
    _ll_shift_l                              0x00001fa1   Thumb Code    38  llshl.o(.text)
    _chval                                   0x00001fc7   Thumb Code    28  _chval.o(.text)
    __I$use$semihosting                      0x00001fe3   Thumb Code     0  use_no_semi.o(.text)
    __use_no_semihosting_swi                 0x00001fe3   Thumb Code     2  use_no_semi.o(.text)
    __semihosting_library_function           0x00001fe5   Thumb Code     0  indicate_semi.o(.text)
    _btod_d2e                                0x00001fe5   Thumb Code    62  btod.o(CL$$btod_d2e)
    _d2e_denorm_low                          0x00002023   Thumb Code    70  btod.o(CL$$btod_d2e_denorm_low)
    _d2e_norm_op1                            0x00002069   Thumb Code    96  btod.o(CL$$btod_d2e_norm_op1)
    __btod_div_common                        0x000020c9   Thumb Code   696  btod.o(CL$$btod_div_common)
    _e2d                                     0x00002401   Thumb Code    80  btod.o(CL$$btod_e2d)
    _e2e                                     0x00002455   Thumb Code   198  btod.o(CL$$btod_e2e)
    _btod_ediv                               0x0000251b   Thumb Code    40  btod.o(CL$$btod_ediv)
    _btod_edivd                              0x00002543   Thumb Code    40  btod.o(CL$$btod_edivd)
    _btod_emul                               0x0000256b   Thumb Code    40  btod.o(CL$$btod_emul)
    _btod_emuld                              0x00002593   Thumb Code    40  btod.o(CL$$btod_emuld)
    __btod_mult_common                       0x000025bb   Thumb Code   580  btod.o(CL$$btod_mult_common)
    __ARM_fpclassify                         0x000027ff   Thumb Code    40  fpclassify.o(i.__ARM_fpclassify)
    __ieee754_rem_pio2                       0x00002829   Thumb Code   832  rred.o(i.__ieee754_rem_pio2)
    __kernel_cos                             0x00002bb1   Thumb Code   230  cos_i.o(i.__kernel_cos)
    __kernel_poly                            0x00002cad   Thumb Code   170  poly.o(i.__kernel_poly)
    __kernel_sin                             0x00002d59   Thumb Code   224  sin_i.o(i.__kernel_sin)
    __mathlib_dbl_underflow                  0x00002e45   Thumb Code    10  dunder.o(i.__mathlib_dbl_underflow)
    __mathlib_narrow                         0x00002e55   Thumb Code    16  narrow.o(i.__mathlib_narrow)
    __mathlib_tofloat                        0x00002e65   Thumb Code   132  narrow.o(i.__mathlib_tofloat)
    __support_ldexp                          0x00002eed   Thumb Code    22  ldexp.o(i.__support_ldexp)
    _is_digit                                0x00002f03   Thumb Code    14  __printf_wp.o(i._is_digit)
    atan                                     0x00002f11   Thumb Code   478  atan.o(i.atan)
    atan2                                    0x00003135   Thumb Code   346  atan2.o(i.atan2)
    atof                                     0x000032b5   Thumb Code    42  atof.o(i.atof)
    cos                                      0x000032e1   Thumb Code   164  cos.o(i.cos)
    frexp                                    0x0000338d   Thumb Code    80  frexp.o(i.frexp)
    ldexp                                    0x000033e5   Thumb Code   126  ldexp.o(i.ldexp)
    sin                                      0x00003465   Thumb Code   166  sin.o(i.sin)
    sqrt                                     0x00003515   Thumb Code    76  sqrt.o(i.sqrt)
    _get_lc_numeric                          0x00003561   Thumb Code    44  lc_numeric_c.o(locale$$code)
    _get_lc_ctype                            0x0000358d   Thumb Code    44  lc_ctype_c.o(locale$$code)
    __aeabi_d2f                              0x000035b9   Thumb Code     0  d2f.o(x$fpl$d2f)
    _d2f                                     0x000035b9   Thumb Code    98  d2f.o(x$fpl$d2f)
    __aeabi_dadd                             0x0000361d   Thumb Code     0  daddsub_clz.o(x$fpl$dadd)
    _dadd                                    0x0000361d   Thumb Code   332  daddsub_clz.o(x$fpl$dadd)
    __fpl_dcheck_NaN1                        0x0000376d   Thumb Code    10  dcheck1.o(x$fpl$dcheck1)
    __fpl_dcmp_Inf                           0x0000377d   Thumb Code    24  dcmpi.o(x$fpl$dcmpinf)
    __aeabi_ddiv                             0x00003795   Thumb Code     0  ddiv.o(x$fpl$ddiv)
    _ddiv                                    0x00003795   Thumb Code   552  ddiv.o(x$fpl$ddiv)
    __aeabi_cdcmpeq                          0x00003a45   Thumb Code     0  deqf.o(x$fpl$deqf)
    _dcmpeq                                  0x00003a45   Thumb Code   120  deqf.o(x$fpl$deqf)
    __aeabi_d2iz                             0x00003abd   Thumb Code     0  dfix.o(x$fpl$dfix)
    _dfix                                    0x00003abd   Thumb Code    94  dfix.o(x$fpl$dfix)
    __aeabi_i2d                              0x00003b1b   Thumb Code     0  dflt_clz.o(x$fpl$dflt)
    _dflt                                    0x00003b1b   Thumb Code    46  dflt_clz.o(x$fpl$dflt)
    __aeabi_ui2d                             0x00003b49   Thumb Code     0  dflt_clz.o(x$fpl$dfltu)
    _dfltu                                   0x00003b49   Thumb Code    38  dflt_clz.o(x$fpl$dfltu)
    __aeabi_cdcmple                          0x00003b71   Thumb Code     0  dleqf.o(x$fpl$dleqf)
    _dcmple                                  0x00003b71   Thumb Code   120  dleqf.o(x$fpl$dleqf)
    __fpl_dcmple_InfNaN                      0x00003bd3   Thumb Code     0  dleqf.o(x$fpl$dleqf)
    __aeabi_dmul                             0x00003be9   Thumb Code     0  dmul.o(x$fpl$dmul)
    _dmul                                    0x00003be9   Thumb Code   332  dmul.o(x$fpl$dmul)
    __fpl_dnaninf                            0x00003d3d   Thumb Code   156  dnaninf.o(x$fpl$dnaninf)
    __fpl_dretinf                            0x00003dd9   Thumb Code    12  dretinf.o(x$fpl$dretinf)
    __aeabi_cdrcmple                         0x00003de5   Thumb Code     0  drleqf.o(x$fpl$drleqf)
    _drcmple                                 0x00003de5   Thumb Code   108  drleqf.o(x$fpl$drleqf)
    __aeabi_drsub                            0x00003e51   Thumb Code     0  daddsub_clz.o(x$fpl$drsb)
    _drsb                                    0x00003e51   Thumb Code    22  daddsub_clz.o(x$fpl$drsb)
    _dsqrt                                   0x00003e69   Thumb Code   404  dsqrt_umaal.o(x$fpl$dsqrt)
    __aeabi_dsub                             0x00004001   Thumb Code     0  daddsub_clz.o(x$fpl$dsub)
    _dsub                                    0x00004001   Thumb Code   464  daddsub_clz.o(x$fpl$dsub)
    __aeabi_f2d                              0x000041d5   Thumb Code     0  f2d.o(x$fpl$f2d)
    _f2d                                     0x000041d5   Thumb Code    86  f2d.o(x$fpl$f2d)
    __aeabi_fadd                             0x0000422d   Thumb Code     0  faddsub_clz.o(x$fpl$fadd)
    _fadd                                    0x0000422d   Thumb Code   196  faddsub_clz.o(x$fpl$fadd)
    __fpl_fcmp_Inf                           0x000042f1   Thumb Code    24  fcmpi.o(x$fpl$fcmpinf)
    __aeabi_fdiv                             0x00004309   Thumb Code     0  fdiv.o(x$fpl$fdiv)
    _fdiv                                    0x00004309   Thumb Code   384  fdiv.o(x$fpl$fdiv)
    __aeabi_f2iz                             0x0000448d   Thumb Code     0  ffix.o(x$fpl$ffix)
    _ffix                                    0x0000448d   Thumb Code    54  ffix.o(x$fpl$ffix)
    __aeabi_i2f                              0x000044c5   Thumb Code     0  fflt_clz.o(x$fpl$fflt)
    _fflt                                    0x000044c5   Thumb Code    48  fflt_clz.o(x$fpl$fflt)
    __aeabi_cfcmple                          0x000044f5   Thumb Code     0  fleqf.o(x$fpl$fleqf)
    _fcmple                                  0x000044f5   Thumb Code   104  fleqf.o(x$fpl$fleqf)
    __fpl_fcmple_InfNaN                      0x00004547   Thumb Code     0  fleqf.o(x$fpl$fleqf)
    __aeabi_fmul                             0x0000455d   Thumb Code     0  fmul.o(x$fpl$fmul)
    _fmul                                    0x0000455d   Thumb Code   258  fmul.o(x$fpl$fmul)
    __fpl_fnaninf                            0x0000465f   Thumb Code   140  fnaninf.o(x$fpl$fnaninf)
    __fpl_fretinf                            0x000046eb   Thumb Code    10  fretinf.o(x$fpl$fretinf)
    __aeabi_cfrcmple                         0x000046f5   Thumb Code     0  frleqf.o(x$fpl$frleqf)
    _frcmple                                 0x000046f5   Thumb Code    98  frleqf.o(x$fpl$frleqf)
    __aeabi_frsub                            0x00004757   Thumb Code     0  faddsub_clz.o(x$fpl$frsb)
    _frsb                                    0x00004757   Thumb Code    20  faddsub_clz.o(x$fpl$frsb)
    __aeabi_fsub                             0x0000476d   Thumb Code     0  faddsub_clz.o(x$fpl$fsub)
    _fsub                                    0x0000476d   Thumb Code   234  faddsub_clz.o(x$fpl$fsub)
    _printf_fp_dec                           0x00004857   Thumb Code     4  printf1.o(x$fpl$printf1)
    __fpl_return_NaN                         0x0000485b   Thumb Code   100  retnan.o(x$fpl$retnan)
    __ARM_scalbn                             0x000048bf   Thumb Code    92  scalbn.o(x$fpl$scalbn)
    _scanf_real                              0x0000491b   Thumb Code     4  scanf1.o(x$fpl$scanf1)
    _scanf_hex_real                          0x0000491f   Thumb Code     4  scanf2.o(x$fpl$scanf2)
    _scanf_infnan                            0x00004923   Thumb Code     4  scanf2.o(x$fpl$scanf2)
    __fpl_cmpreturn                          0x00004927   Thumb Code    48  trapv.o(x$fpl$trapveneer)
    __I$use$fp                               0x00004956   Number         0  usenofp.o(x$fpl$usenofp)
    __mathlib_zero                           0x00004a20   Data           8  qnan.o(.constdata)
    Region$$Table$$Base                      0x00004bac   Number         0  anon$$obj.o(Region$$Table)
    Region$$Table$$Limit                     0x00004bbc   Number         0  anon$$obj.o(Region$$Table)
    __aeabi_HUGE_VAL                         0x00004bbc   Data           0  fpconst.o(c$$dinf)
    __aeabi_HUGE_VALL                        0x00004bbc   Data           0  fpconst.o(c$$dinf)
    __aeabi_INFINITY                         0x00004bbc   Data           0  fpconst.o(c$$dinf)
    __dInf                                   0x00004bbc   Data           0  fpconst.o(c$$dinf)
    __huge_val                               0x00004bbc   Data           0  fpconst.o(c$$dinf)
    __ctype                                  0x00004bed   Data           0  lc_ctype_c.o(locale$$data)
    __libspace_start                         0x20000000   Data          96  libspace.o(.bss)
    __temporary_stack_top$libspace           0x20000060   Data           0  libspace.o(.bss)



==============================================================================

Memory Map of the image

  Image Entry point : 0x00000311

  Load Region LR_1 (Base: 0x00000000, Size: 0x00004cf0, Max: 0xffffffff, ABSOLUTE)

    Execution Region ER_RO (Base: 0x00000000, Size: 0x00004cf0, Max: 0xffffffff, ABSOLUTE)

    Base Addr    Size         Type   Attr      Idx    E Section Name        Object

    0x00000000   0x0000026c   Data   RO            3    RESET               startup_tm4c123.o
    0x0000026c   0x00000008   Code   RO          205  * !!!main             c_w.l(__main.o)
    0x00000274   0x00000034   Code   RO          620    !!!scatter          c_w.l(__scatter.o)
    0x000002a8   0x0000001c   Code   RO          622    !!handler_zi        c_w.l(__scatter_zi.o)
    0x000002c4   0x00000000   Code   RO          202    .ARM.Collect$$_printf_percent$$00000000  c_w.l(_printf_percent.o)
    0x000002c4   0x00000006   Code   RO          201    .ARM.Collect$$_printf_percent$$00000003  c_w.l(_printf_f.o)
    0x000002ca   0x00000004   Code   RO          294    .ARM.Collect$$_printf_percent$$00000017  c_w.l(_printf_percent_end.o)
    0x000002ce   0x00000002   Code   RO          446    .ARM.Collect$$libinit$$00000000  c_w.l(libinit.o)
    0x000002d0   0x00000000   Code   RO          448    .ARM.Collect$$libinit$$00000002  c_w.l(libinit2.o)
    0x000002d0   0x00000000   Code   RO          451    .ARM.Collect$$libinit$$00000008  c_w.l(libinit2.o)
    0x000002d0   0x00000000   Code   RO          453    .ARM.Collect$$libinit$$0000000A  c_w.l(libinit2.o)
    0x000002d0   0x00000000   Code   RO          455    .ARM.Collect$$libinit$$0000000C  c_w.l(libinit2.o)
    0x000002d0   0x00000006   Code   RO          456    .ARM.Collect$$libinit$$0000000D  c_w.l(libinit2.o)
    0x000002d6   0x00000000   Code   RO          458    .ARM.Collect$$libinit$$0000000F  c_w.l(libinit2.o)
    0x000002d6   0x0000000c   Code   RO          459    .ARM.Collect$$libinit$$00000010  c_w.l(libinit2.o)
    0x000002e2   0x00000000   Code   RO          460    .ARM.Collect$$libinit$$00000011  c_w.l(libinit2.o)
    0x000002e2   0x00000000   Code   RO          462    .ARM.Collect$$libinit$$00000013  c_w.l(libinit2.o)
    0x000002e2   0x0000000a   Code   RO          463    .ARM.Collect$$libinit$$00000014  c_w.l(libinit2.o)
    0x000002ec   0x00000000   Code   RO          464    .ARM.Collect$$libinit$$00000015  c_w.l(libinit2.o)
    0x000002ec   0x00000000   Code   RO          466    .ARM.Collect$$libinit$$00000017  c_w.l(libinit2.o)
    0x000002ec   0x00000000   Code   RO          468    .ARM.Collect$$libinit$$00000019  c_w.l(libinit2.o)
    0x000002ec   0x00000000   Code   RO          470    .ARM.Collect$$libinit$$0000001B  c_w.l(libinit2.o)
    0x000002ec   0x00000000   Code   RO          472    .ARM.Collect$$libinit$$0000001D  c_w.l(libinit2.o)
    0x000002ec   0x00000000   Code   RO          474    .ARM.Collect$$libinit$$0000001F  c_w.l(libinit2.o)
    0x000002ec   0x00000000   Code   RO          476    .ARM.Collect$$libinit$$00000021  c_w.l(libinit2.o)
    0x000002ec   0x00000000   Code   RO          478    .ARM.Collect$$libinit$$00000023  c_w.l(libinit2.o)
    0x000002ec   0x00000000   Code   RO          482    .ARM.Collect$$libinit$$0000002A  c_w.l(libinit2.o)
    0x000002ec   0x00000000   Code   RO          484    .ARM.Collect$$libinit$$0000002C  c_w.l(libinit2.o)
    0x000002ec   0x00000000   Code   RO          486    .ARM.Collect$$libinit$$0000002E  c_w.l(libinit2.o)
    0x000002ec   0x00000000   Code   RO          488    .ARM.Collect$$libinit$$00000030  c_w.l(libinit2.o)
    0x000002ec   0x00000002   Code   RO          489    .ARM.Collect$$libinit$$00000031  c_w.l(libinit2.o)
    0x000002ee   0x00000002   Code   RO          557    .ARM.Collect$$libshutdown$$00000000  c_w.l(libshutdown.o)
    0x000002f0   0x00000000   Code   RO          581    .ARM.Collect$$libshutdown$$00000003  c_w.l(libshutdown2.o)
    0x000002f0   0x00000000   Code   RO          584    .ARM.Collect$$libshutdown$$00000006  c_w.l(libshutdown2.o)
    0x000002f0   0x00000000   Code   RO          587    .ARM.Collect$$libshutdown$$00000009  c_w.l(libshutdown2.o)
    0x000002f0   0x00000000   Code   RO          589    .ARM.Collect$$libshutdown$$0000000B  c_w.l(libshutdown2.o)
    0x000002f0   0x00000000   Code   RO          592    .ARM.Collect$$libshutdown$$0000000E  c_w.l(libshutdown2.o)
    0x000002f0   0x00000002   Code   RO          593    .ARM.Collect$$libshutdown$$0000000F  c_w.l(libshutdown2.o)
    0x000002f2   0x00000000   Code   RO          285    .ARM.Collect$$rtentry$$00000000  c_w.l(rtentry.o)
    0x000002f2   0x00000000   Code   RO          340    .ARM.Collect$$rtentry$$00000002  c_w.l(rtentry2.o)
    0x000002f2   0x00000006   Code   RO          352    .ARM.Collect$$rtentry$$00000004  c_w.l(rtentry4.o)
    0x000002f8   0x00000000   Code   RO          342    .ARM.Collect$$rtentry$$00000009  c_w.l(rtentry2.o)
    0x000002f8   0x00000004   Code   RO          343    .ARM.Collect$$rtentry$$0000000A  c_w.l(rtentry2.o)
    0x000002fc   0x00000000   Code   RO          345    .ARM.Collect$$rtentry$$0000000C  c_w.l(rtentry2.o)
    0x000002fc   0x00000008   Code   RO          346    .ARM.Collect$$rtentry$$0000000D  c_w.l(rtentry2.o)
    0x00000304   0x00000002   Code   RO          492    .ARM.Collect$$rtexit$$00000000  c_w.l(rtexit.o)
    0x00000306   0x00000000   Code   RO          519    .ARM.Collect$$rtexit$$00000002  c_w.l(rtexit2.o)
    0x00000306   0x00000004   Code   RO          520    .ARM.Collect$$rtexit$$00000003  c_w.l(rtexit2.o)
    0x0000030a   0x00000006   Code   RO          521    .ARM.Collect$$rtexit$$00000004  c_w.l(rtexit2.o)
    0x00000310   0x00000114   Code   RO            4  * .text               startup_tm4c123.o
    0x00000424   0x0000027c   Code   RO           10    .text               main.o
    0x000006a0   0x00000108   Code   RO           67    .text               ports.o
    0x000007a8   0x00000144   Code   RO           79    .text               uart.o
    0x000008ec   0x000001ac   Code   RO           91    .text               distance.o
    0x00000a98   0x0000002c   Code   RO          103    .text               ledon.o
    0x00000ac4   0x00000110   Code   RO          115    .text               sevensegment.o
    0x00000bd4   0x00000054   Code   RO          127    .text               timer.o
    0x00000c28   0x00000124   Code   RO          139    .text               parse.o
    0x00000d4c   0x0000006c   Code   RO          161    .text               nmeatomaps.o
    0x00000db8   0x00000028   Code   RO          177    .text               c_w.l(noretval__2sprintf.o)
    0x00000de0   0x00000068   Code   RO          179    .text               c_w.l(__printf.o)
    0x00000e48   0x00000006   Code   RO          203    .text               c_w.l(heapauxi.o)
    0x00000e4e   0x00000016   Code   RO          286    .text               c_w.l(_rserrno.o)
    0x00000e64   0x00000420   Code   RO          288    .text               c_w.l(_printf_fp_dec.o)
    0x00001284   0x00000030   Code   RO          290    .text               c_w.l(_printf_char_common.o)
    0x000012b4   0x0000000a   Code   RO          292    .text               c_w.l(_sputc.o)
    0x000012be   0x00000002   PAD
    0x000012c0   0x000000a0   Code   RO          295    .text               c_w.l(strtod.o)
    0x00001360   0x00000008   Code   RO          357    .text               c_w.l(rt_locale_intlibspace.o)
    0x00001368   0x00000008   Code   RO          362    .text               c_w.l(rt_errno_addr_intlibspace.o)
    0x00001370   0x0000008a   Code   RO          364    .text               c_w.l(lludiv10.o)
    0x000013fa   0x00000012   Code   RO          366    .text               c_w.l(isspace.o)
    0x0000140c   0x00000080   Code   RO          368    .text               c_w.l(_printf_fp_infnan.o)
    0x0000148c   0x00000040   Code   RO          372    .text               c_w.l(_sgetc.o)
    0x000014cc   0x000000e4   Code   RO          374    .text               c_w.l(bigflt0.o)
    0x000015b0   0x00000008   Code   RO          428    .text               c_w.l(libspace.o)
    0x000015b8   0x0000004a   Code   RO          431    .text               c_w.l(sys_stackheap_outer.o)
    0x00001602   0x00000002   PAD
    0x00001604   0x00000010   Code   RO          433    .text               c_w.l(rt_ctype_table.o)
    0x00001614   0x000004a4   Code   RO          435    .text               c_w.l(scanf_fp.o)
    0x00001ab8   0x0000000c   Code   RO          437    .text               c_w.l(exit.o)
    0x00001ac4   0x00000080   Code   RO          439    .text               c_w.l(strcmpv7m.o)
    0x00001b44   0x00000314   Code   RO          525    .text               c_w.l(scanf_hexfp.o)
    0x00001e58   0x0000013c   Code   RO          527    .text               c_w.l(scanf_infnan.o)
    0x00001f94   0x0000000c   Code   RO          543    .text               c_w.l(sys_exit.o)
    0x00001fa0   0x00000026   Code   RO          547    .text               c_w.l(llshl.o)
    0x00001fc6   0x0000001c   Code   RO          549    .text               c_w.l(_chval.o)
    0x00001fe2   0x00000002   Code   RO          570    .text               c_w.l(use_no_semi.o)
    0x00001fe4   0x00000000   Code   RO          572    .text               c_w.l(indicate_semi.o)
    0x00001fe4   0x0000003e   Code   RO          377    CL$$btod_d2e        c_w.l(btod.o)
    0x00002022   0x00000046   Code   RO          379    CL$$btod_d2e_denorm_low  c_w.l(btod.o)
    0x00002068   0x00000060   Code   RO          378    CL$$btod_d2e_norm_op1  c_w.l(btod.o)
    0x000020c8   0x00000338   Code   RO          387    CL$$btod_div_common  c_w.l(btod.o)
    0x00002400   0x00000054   Code   RO          385    CL$$btod_e2d        c_w.l(btod.o)
    0x00002454   0x000000c6   Code   RO          384    CL$$btod_e2e        c_w.l(btod.o)
    0x0000251a   0x00000028   Code   RO          381    CL$$btod_ediv       c_w.l(btod.o)
    0x00002542   0x00000028   Code   RO          383    CL$$btod_edivd      c_w.l(btod.o)
    0x0000256a   0x00000028   Code   RO          380    CL$$btod_emul       c_w.l(btod.o)
    0x00002592   0x00000028   Code   RO          382    CL$$btod_emuld      c_w.l(btod.o)
    0x000025ba   0x00000244   Code   RO          386    CL$$btod_mult_common  c_w.l(btod.o)
    0x000027fe   0x00000028   Code   RO          424    i.__ARM_fpclassify  m_ws.l(fpclassify.o)
    0x00002826   0x00000002   PAD
    0x00002828   0x00000388   Code   RO          328    i.__ieee754_rem_pio2  m_ws.l(rred.o)
    0x00002bb0   0x000000fc   Code   RO          324    i.__kernel_cos      m_ws.l(cos_i.o)
    0x00002cac   0x000000aa   Code   RO          426    i.__kernel_poly     m_ws.l(poly.o)
    0x00002d56   0x00000002   PAD
    0x00002d58   0x000000ec   Code   RO          333    i.__kernel_sin      m_ws.l(sin_i.o)
    0x00002e44   0x00000010   Code   RO          422    i.__mathlib_dbl_underflow  m_ws.l(dunder.o)
    0x00002e54   0x00000010   Code   RO          512    i.__mathlib_narrow  m_ws.l(narrow.o)
    0x00002e64   0x00000088   Code   RO          513    i.__mathlib_tofloat  m_ws.l(narrow.o)
    0x00002eec   0x00000016   Code   RO          559    i.__support_ldexp   m_ws.l(ldexp.o)
    0x00002f02   0x0000000e   Code   RO          191    i._is_digit         c_w.l(__printf_wp.o)
    0x00002f10   0x00000224   Code   RO          315    i.atan              m_ws.l(atan.o)
    0x00003134   0x00000180   Code   RO          250    i.atan2             m_ws.l(atan2.o)
    0x000032b4   0x0000002a   Code   RO          258    i.atof              m_ws.l(atof.o)
    0x000032de   0x00000002   PAD
    0x000032e0   0x000000ac   Code   RO          262    i.cos               m_ws.l(cos.o)
    0x0000338c   0x00000058   Code   RO          538    i.frexp             m_ws.l(frexp.o)
    0x000033e4   0x0000007e   Code   RO          560    i.ldexp             m_ws.l(ldexp.o)
    0x00003462   0x00000002   PAD
    0x00003464   0x000000b0   Code   RO          270    i.sin               m_ws.l(sin.o)
    0x00003514   0x0000004c   Code   RO          278    i.sqrt              m_ws.l(sqrt.o)
    0x00003560   0x0000002c   Code   RO          400    locale$$code        c_w.l(lc_numeric_c.o)
    0x0000358c   0x0000002c   Code   RO          495    locale$$code        c_w.l(lc_ctype_c.o)
    0x000035b8   0x00000062   Code   RO          207    x$fpl$d2f           fz_ws.l(d2f.o)
    0x0000361a   0x00000002   PAD
    0x0000361c   0x00000150   Code   RO          209    x$fpl$dadd          fz_ws.l(daddsub_clz.o)
    0x0000376c   0x00000010   Code   RO          402    x$fpl$dcheck1       fz_ws.l(dcheck1.o)
    0x0000377c   0x00000018   Code   RO          404    x$fpl$dcmpinf       fz_ws.l(dcmpi.o)
    0x00003794   0x000002b0   Code   RO          216    x$fpl$ddiv          fz_ws.l(ddiv.o)
    0x00003a44   0x00000078   Code   RO          533    x$fpl$deqf          fz_ws.l(deqf.o)
    0x00003abc   0x0000005e   Code   RO          406    x$fpl$dfix          fz_ws.l(dfix.o)
    0x00003b1a   0x0000002e   Code   RO          411    x$fpl$dflt          fz_ws.l(dflt_clz.o)
    0x00003b48   0x00000026   Code   RO          410    x$fpl$dfltu         fz_ws.l(dflt_clz.o)
    0x00003b6e   0x00000002   PAD
    0x00003b70   0x00000078   Code   RO          297    x$fpl$dleqf         fz_ws.l(dleqf.o)
    0x00003be8   0x00000154   Code   RO          219    x$fpl$dmul          fz_ws.l(dmul.o)
    0x00003d3c   0x0000009c   Code   RO          299    x$fpl$dnaninf       fz_ws.l(dnaninf.o)
    0x00003dd8   0x0000000c   Code   RO          301    x$fpl$dretinf       fz_ws.l(dretinf.o)
    0x00003de4   0x0000006c   Code   RO          535    x$fpl$drleqf        fz_ws.l(drleqf.o)
    0x00003e50   0x00000016   Code   RO          210    x$fpl$drsb          fz_ws.l(daddsub_clz.o)
    0x00003e66   0x00000002   PAD
    0x00003e68   0x00000198   Code   RO          303    x$fpl$dsqrt         fz_ws.l(dsqrt_umaal.o)
    0x00004000   0x000001d4   Code   RO          211    x$fpl$dsub          fz_ws.l(daddsub_clz.o)
    0x000041d4   0x00000056   Code   RO          221    x$fpl$f2d           fz_ws.l(f2d.o)
    0x0000422a   0x00000002   PAD
    0x0000422c   0x000000c4   Code   RO          223    x$fpl$fadd          fz_ws.l(faddsub_clz.o)
    0x000042f0   0x00000018   Code   RO          416    x$fpl$fcmpinf       fz_ws.l(fcmpi.o)
    0x00004308   0x00000184   Code   RO          230    x$fpl$fdiv          fz_ws.l(fdiv.o)
    0x0000448c   0x00000036   Code   RO          233    x$fpl$ffix          fz_ws.l(ffix.o)
    0x000044c2   0x00000002   PAD
    0x000044c4   0x00000030   Code   RO          238    x$fpl$fflt          fz_ws.l(fflt_clz.o)
    0x000044f4   0x00000068   Code   RO          305    x$fpl$fleqf         fz_ws.l(fleqf.o)
    0x0000455c   0x00000102   Code   RO          243    x$fpl$fmul          fz_ws.l(fmul.o)
    0x0000465e   0x0000008c   Code   RO          307    x$fpl$fnaninf       fz_ws.l(fnaninf.o)
    0x000046ea   0x0000000a   Code   RO          309    x$fpl$fretinf       fz_ws.l(fretinf.o)
    0x000046f4   0x00000062   Code   RO          245    x$fpl$frleqf        fz_ws.l(frleqf.o)
    0x00004756   0x00000014   Code   RO          224    x$fpl$frsb          fz_ws.l(faddsub_clz.o)
    0x0000476a   0x00000002   PAD
    0x0000476c   0x000000ea   Code   RO          225    x$fpl$fsub          fz_ws.l(faddsub_clz.o)
    0x00004856   0x00000004   Code   RO          247    x$fpl$printf1       fz_ws.l(printf1.o)
    0x0000485a   0x00000064   Code   RO          490    x$fpl$retnan        fz_ws.l(retnan.o)
    0x000048be   0x0000005c   Code   RO          311    x$fpl$scalbn        fz_ws.l(scalbn.o)
    0x0000491a   0x00000004   Code   RO          420    x$fpl$scanf1        fz_ws.l(scanf1.o)
    0x0000491e   0x00000008   Code   RO          504    x$fpl$scanf2        fz_ws.l(scanf2.o)
    0x00004926   0x00000030   Code   RO          510    x$fpl$trapveneer    fz_ws.l(trapv.o)
    0x00004956   0x00000000   Code   RO          313    x$fpl$usenofp       fz_ws.l(usenofp.o)
    0x00004956   0x00000002   PAD
    0x00004958   0x00000098   Data   RO          316    .constdata          m_ws.l(atan.o)
    0x000049f0   0x00000030   Data   RO          325    .constdata          m_ws.l(cos_i.o)
    0x00004a20   0x00000008   Data   RO          327    .constdata          m_ws.l(qnan.o)
    0x00004a28   0x000000c8   Data   RO          330    .constdata          m_ws.l(rred.o)
    0x00004af0   0x00000028   Data   RO          334    .constdata          m_ws.l(sin_i.o)
    0x00004b18   0x00000094   Data   RO          375    .constdata          c_w.l(bigflt0.o)
    0x00004bac   0x00000010   Data   RO          618    Region$$Table       anon$$obj.o
    0x00004bbc   0x00000008   Data   RO          499    c$$dinf             fz_ws.l(fpconst.o)
    0x00004bc4   0x0000001c   Data   RO          399    locale$$data        c_w.l(lc_numeric_c.o)
    0x00004be0   0x00000110   Data   RO          494    locale$$data        c_w.l(lc_ctype_c.o)


    Execution Region ER_RW (Base: 0x20000000, Size: 0x00000000, Max: 0xffffffff, ABSOLUTE)

    **** No section assigned to this execution region ****


    Execution Region ER_ZI (Base: 0x20000000, Size: 0x00004060, Max: 0xffffffff, ABSOLUTE)

    Base Addr    Size         Type   Attr      Idx    E Section Name        Object

    0x20000000   0x00000060   Zero   RW          429    .bss                c_w.l(libspace.o)
    0x20000060   0x00000000   Zero   RW            2    HEAP                startup_tm4c123.o
    0x20000060   0x00004000   Zero   RW            1    STACK               startup_tm4c123.o


==============================================================================

Image component sizes


      Code (inc. data)   RO Data    RW Data    ZI Data      Debug   Object Name

       428         22          0          0          0        914   distance.o
        44         14          0          0          0        412   ledon.o
       636          6          0          0          0       5198   main.o
       108          8          0          0          0        457   nmeatomaps.o
       292          0          0          0          0       1307   parse.o
       264         40          0          0          0        416   ports.o
       272         14          0          0          0        658   sevensegment.o
       276         24        620          0      16384       5352   startup_tm4c123.o
        84          6          0          0          0        720   timer.o
       324         30          0          0          0       1015   uart.o

    ----------------------------------------------------------------------
      2728        164        636          0      16384      16449   Object Totals
         0          0         16          0          0          0   (incl. Generated)
         0          0          0          0          0          0   (incl. Padding)

    ----------------------------------------------------------------------

      Code (inc. data)   RO Data    RW Data    ZI Data      Debug   Library Member Name

         8          0          0          0          0         68   __main.o
       104          0          0          0          0         84   __printf.o
        14          0          0          0          0         68   __printf_wp.o
        52          8          0          0          0          0   __scatter.o
        28          0          0          0          0          0   __scatter_zi.o
        28          0          0          0          0         68   _chval.o
        48          6          0          0          0         96   _printf_char_common.o
         6          0          0          0          0          0   _printf_f.o
      1056          0          0          0          0        216   _printf_fp_dec.o
       128         16          0          0          0         84   _printf_fp_infnan.o
         0          0          0          0          0          0   _printf_percent.o
         4          0          0          0          0          0   _printf_percent_end.o
        22          0          0          0          0        100   _rserrno.o
        64          0          0          0          0         84   _sgetc.o
        10          0          0          0          0         68   _sputc.o
       228          6        148          0          0         96   bigflt0.o
      2074        132          0          0          0        940   btod.o
        12          0          0          0          0         72   exit.o
         6          0          0          0          0        152   heapauxi.o
         0          0          0          0          0          0   indicate_semi.o
        18          0          0          0          0         76   isspace.o
        44         10        272          0          0         76   lc_ctype_c.o
        44         10         28          0          0         76   lc_numeric_c.o
         2          0          0          0          0          0   libinit.o
        30          0          0          0          0          0   libinit2.o
         2          0          0          0          0          0   libshutdown.o
         2          0          0          0          0          0   libshutdown2.o
         8          4          0          0         96         68   libspace.o
        38          0          0          0          0         68   llshl.o
       138          0          0          0          0         80   lludiv10.o
        40          6          0          0          0         84   noretval__2sprintf.o
        16          4          0          0          0         76   rt_ctype_table.o
         8          4          0          0          0         68   rt_errno_addr_intlibspace.o
         8          4          0          0          0         68   rt_locale_intlibspace.o
         0          0          0          0          0          0   rtentry.o
        12          0          0          0          0          0   rtentry2.o
         6          0          0          0          0          0   rtentry4.o
         2          0          0          0          0          0   rtexit.o
        10          0          0          0          0          0   rtexit2.o
      1188         12          0          0          0        148   scanf_fp.o
       788         12          0          0          0        100   scanf_hexfp.o
       316         18          0          0          0        100   scanf_infnan.o
       128          0          0          0          0         68   strcmpv7m.o
       160         12          0          0          0        120   strtod.o
        12          4          0          0          0         68   sys_exit.o
        74          0          0          0          0         80   sys_stackheap_outer.o
         2          0          0          0          0         68   use_no_semi.o
        98          4          0          0          0         92   d2f.o
       826         16          0          0          0        348   daddsub_clz.o
        16          4          0          0          0         68   dcheck1.o
        24          0          0          0          0         68   dcmpi.o
       688        140          0          0          0        208   ddiv.o
       120          4          0          0          0         92   deqf.o
        94          4          0          0          0         92   dfix.o
        84          0          0          0          0        136   dflt_clz.o
       120          4          0          0          0         92   dleqf.o
       340         12          0          0          0        104   dmul.o
       156          4          0          0          0         92   dnaninf.o
        12          0          0          0          0         68   dretinf.o
       108          0          0          0          0         80   drleqf.o
       408         56          0          0          0        120   dsqrt_umaal.o
        86          4          0          0          0         84   f2d.o
       450          8          0          0          0        236   faddsub_clz.o
        24          0          0          0          0         68   fcmpi.o
       388         76          0          0          0         96   fdiv.o
        54          4          0          0          0         84   ffix.o
        48          0          0          0          0         68   fflt_clz.o
       104          4          0          0          0         84   fleqf.o
       258          4          0          0          0         84   fmul.o
       140          4          0          0          0         84   fnaninf.o
         0          0          8          0          0          0   fpconst.o
        10          0          0          0          0         68   fretinf.o
        98          0          0          0          0         68   frleqf.o
         4          0          0          0          0         68   printf1.o
       100          0          0          0          0         68   retnan.o
        92          0          0          0          0         68   scalbn.o
         4          0          0          0          0         68   scanf1.o
         8          0          0          0          0         84   scanf2.o
        48          0          0          0          0         68   trapv.o
         0          0          0          0          0          0   usenofp.o
       548         70        152          0          0        124   atan.o
       384         38          0          0          0        144   atan2.o
        42          0          0          0          0         84   atof.o
       172          8          0          0          0        112   cos.o
       252         22         48          0          0        124   cos_i.o
        16          6          0          0          0         68   dunder.o
        40          0          0          0          0         68   fpclassify.o
        88          8          0          0          0         76   frexp.o
       148          0          0          0          0        160   ldexp.o
       152          4          0          0          0        160   narrow.o
       170          0          0          0          0         96   poly.o
         0          0          8          0          0          0   qnan.o
       904         72        200          0          0        140   rred.o
       176         10          0          0          0        116   sin.o
       236         12         40          0          0        128   sin_i.o
        76          0          0          0          0         84   sqrt.o

    ----------------------------------------------------------------------
     15428        870        904          0         96       8480   Library Totals
        26          0          0          0          0          0   (incl. Padding)

    ----------------------------------------------------------------------

      Code (inc. data)   RO Data    RW Data    ZI Data      Debug   Library Name

      6988        268        448          0         96       3688   c_w.l
      5010        352          8          0          0       3108   fz_ws.l
      3404        250        448          0          0       1684   m_ws.l

    ----------------------------------------------------------------------
     15428        870        904          0         96       8480   Library Totals

    ----------------------------------------------------------------------

==============================================================================


      Code (inc. data)   RO Data    RW Data    ZI Data      Debug   

     18156       1034       1540          0      16480      19521   Grand Totals
     18156       1034       1540          0      16480      19521   ELF Image Totals
     18156       1034       1540          0          0          0   ROM Totals

==============================================================================

    Total RO  Size (Code + RO Data)                19696 (  19.23kB)
    Total RW  Size (RW Data + ZI Data)             16480 (  16.09kB)
    Total ROM Size (Code + RO Data + RW Data)      19696 (  19.23kB)

==============================================================================

