<html>
<body>
<pre>
<h1>µVision Build Log</h1>
<h2>Project:</h2>
D:\Khaled\Semster 8\MicroController\FirstMilestone\Codes\FirstMilestone.uvproj
Project File Date:  06/06/2021

<h2>Output:</h2>
Build target 'Target 1'
linking...
Program Size: Code=9276 RO-data=1084 RW-data=0 ZI-data=8608  
".\leds.axf" - 0 Error(s), 0 Warning(s).
Load "D:\\Khaled\\Semster 8\\MicroController\\FirstMilestone\\Codes\\leds.axf" 
Connecting: Mode=JTAG, Speed=1000000Hz
Erase Done.
Programming Done.
Verify OK.
</pre>
</body>
</html>
